------------------------------------------------------------
TimeQuest Timing Analyzer Summary
------------------------------------------------------------

Type  : Slow 1200mV 85C Model Setup 'divisorGenerico:divisor|tick'
Slack : -19.808
TNS   : -2320.062

Type  : Slow 1200mV 85C Model Setup 'CLOCK_50'
Slack : -4.574
TNS   : -60.880

Type  : Slow 1200mV 85C Model Hold 'divisorGenerico:divisor|tick'
Slack : 0.396
TNS   : 0.000

Type  : Slow 1200mV 85C Model Hold 'CLOCK_50'
Slack : 0.733
TNS   : 0.000

Type  : Slow 1200mV 85C Model Minimum Pulse Width 'divisorGenerico:divisor|tick'
Slack : -3.201
TNS   : -712.477

Type  : Slow 1200mV 85C Model Minimum Pulse Width 'CLOCK_50'
Slack : -3.000
TNS   : -41.662

Type  : Slow 1200mV 0C Model Setup 'divisorGenerico:divisor|tick'
Slack : -18.806
TNS   : -2160.401

Type  : Slow 1200mV 0C Model Setup 'CLOCK_50'
Slack : -4.294
TNS   : -53.778

Type  : Slow 1200mV 0C Model Hold 'divisorGenerico:divisor|tick'
Slack : 0.377
TNS   : 0.000

Type  : Slow 1200mV 0C Model Hold 'CLOCK_50'
Slack : 0.681
TNS   : 0.000

Type  : Slow 1200mV 0C Model Minimum Pulse Width 'divisorGenerico:divisor|tick'
Slack : -3.201
TNS   : -712.477

Type  : Slow 1200mV 0C Model Minimum Pulse Width 'CLOCK_50'
Slack : -3.000
TNS   : -41.662

Type  : Fast 1200mV 0C Model Setup 'divisorGenerico:divisor|tick'
Slack : -7.815
TNS   : -778.174

Type  : Fast 1200mV 0C Model Setup 'CLOCK_50'
Slack : -1.400
TNS   : -11.892

Type  : Fast 1200mV 0C Model Hold 'divisorGenerico:divisor|tick'
Slack : 0.126
TNS   : 0.000

Type  : Fast 1200mV 0C Model Hold 'CLOCK_50'
Slack : 0.293
TNS   : 0.000

Type  : Fast 1200mV 0C Model Minimum Pulse Width 'CLOCK_50'
Slack : -3.000
TNS   : -36.566

Type  : Fast 1200mV 0C Model Minimum Pulse Width 'divisorGenerico:divisor|tick'
Slack : -1.000
TNS   : -463.000

------------------------------------------------------------
