------------------------------------------------------------
TimeQuest Timing Analyzer Summary
------------------------------------------------------------

Type  : Slow 1200mV 85C Model Setup 'divisorGenerico:divisor|tick'
Slack : -16.314
TNS   : -1126.546

Type  : Slow 1200mV 85C Model Setup 'CLOCK_50'
Slack : -4.180
TNS   : -56.295

Type  : Slow 1200mV 85C Model Hold 'divisorGenerico:divisor|tick'
Slack : 0.358
TNS   : 0.000

Type  : Slow 1200mV 85C Model Hold 'CLOCK_50'
Slack : 0.638
TNS   : 0.000

Type  : Slow 1200mV 85C Model Minimum Pulse Width 'CLOCK_50'
Slack : -3.000
TNS   : -36.410

Type  : Slow 1200mV 85C Model Minimum Pulse Width 'divisorGenerico:divisor|tick'
Slack : -2.693
TNS   : -596.431

Type  : Slow 1200mV 0C Model Setup 'divisorGenerico:divisor|tick'
Slack : -14.979
TNS   : -999.478

Type  : Slow 1200mV 0C Model Setup 'CLOCK_50'
Slack : -3.774
TNS   : -48.703

Type  : Slow 1200mV 0C Model Hold 'divisorGenerico:divisor|tick'
Slack : 0.361
TNS   : 0.000

Type  : Slow 1200mV 0C Model Hold 'CLOCK_50'
Slack : 0.584
TNS   : 0.000

Type  : Slow 1200mV 0C Model Minimum Pulse Width 'CLOCK_50'
Slack : -3.000
TNS   : -36.410

Type  : Slow 1200mV 0C Model Minimum Pulse Width 'divisorGenerico:divisor|tick'
Slack : -2.649
TNS   : -595.903

Type  : Fast 1200mV 0C Model Setup 'divisorGenerico:divisor|tick'
Slack : -7.423
TNS   : -379.177

Type  : Fast 1200mV 0C Model Setup 'CLOCK_50'
Slack : -1.579
TNS   : -14.422

Type  : Fast 1200mV 0C Model Hold 'divisorGenerico:divisor|tick'
Slack : 0.140
TNS   : 0.000

Type  : Fast 1200mV 0C Model Hold 'CLOCK_50'
Slack : 0.291
TNS   : 0.000

Type  : Fast 1200mV 0C Model Minimum Pulse Width 'CLOCK_50'
Slack : -3.000
TNS   : -36.630

Type  : Fast 1200mV 0C Model Minimum Pulse Width 'divisorGenerico:divisor|tick'
Slack : -1.000
TNS   : -451.000

------------------------------------------------------------
